../Core/Src/main.c:84:5:main	16	static
../Core/Src/main.c:143:6:SystemClock_Config	88	static
../Core/Src/main.c:193:13:MX_CAN1_Init	8	static
../Core/Src/main.c:230:13:MX_CAN2_Init	8	static
../Core/Src/main.c:267:13:MX_RTC_Init	8	static
../Core/Src/main.c:302:13:MX_SPI1_Init	8	static
../Core/Src/main.c:340:13:MX_TIM1_Init	32	static
../Core/Src/main.c:386:13:MX_TIM3_Init	48	static
../Core/Src/main.c:439:13:MX_TIM5_Init	48	static
../Core/Src/main.c:488:13:MX_USART3_UART_Init	8	static
../Core/Src/main.c:521:13:MX_GPIO_Init	48	static
../Core/Src/main.c:600:6:Error_Handler	4	static,ignoring_inline_asm
