../Core/Src/main.c:80:6:LSM6DS0_Write	24	static
../Core/Src/main.c:87:6:LSM6DS0_Read	32	static
../Core/Src/main.c:102:9:LSM6DS0_ReadTemp	16	static
../Core/Src/main.c:113:5:main	168	static
../Core/Src/main.c:180:6:SystemClock_Config	88	static
../Core/Src/main.c:228:13:MX_I2C1_Init	8	static
../Core/Src/main.c:262:13:MX_SPI1_Init	8	static
../Core/Src/main.c:300:13:MX_SPI2_Init	8	static
../Core/Src/main.c:338:13:MX_TIM2_Init	32	static
../Core/Src/main.c:383:13:MX_USART2_UART_Init	8	static
../Core/Src/main.c:416:13:MX_GPIO_Init	48	static
../Core/Src/main.c:455:6:HAL_GPIO_EXTI_Callback	16	static
../Core/Src/main.c:474:6:Error_Handler	4	static,ignoring_inline_asm
