../Core/Src/main.c:80:6:LSM6DS0_Write	1
../Core/Src/main.c:87:6:LSM6DS0_Read	3
../Core/Src/main.c:102:9:LSM6DS0_ReadTemp	1
../Core/Src/main.c:113:5:main	1
../Core/Src/main.c:180:6:SystemClock_Config	3
../Core/Src/main.c:228:13:MX_I2C1_Init	2
../Core/Src/main.c:262:13:MX_SPI1_Init	2
../Core/Src/main.c:300:13:MX_SPI2_Init	2
../Core/Src/main.c:338:13:MX_TIM2_Init	4
../Core/Src/main.c:383:13:MX_USART2_UART_Init	2
../Core/Src/main.c:416:13:MX_GPIO_Init	1
../Core/Src/main.c:455:6:HAL_GPIO_EXTI_Callback	3
../Core/Src/main.c:474:6:Error_Handler	1
