00:59:50 **** Incremental Build of configuration Debug for project Learning_2 ****
make -j16 all 
arm-none-eabi-gcc "../Core/Src/main.c" -mcpu=cortex-m4 -std=gnu11 -g3 -DDEBUG -DUSE_HAL_DRIVER -DSTM32F446xx -c -I../Core/Inc -I../Drivers/STM32F4xx_HAL_Driver/Inc -I../Drivers/STM32F4xx_HAL_Driver/Inc/Legacy -I../Drivers/CMSIS/Device/ST/STM32F4xx/Include -I../Drivers/CMSIS/Include -O0 -ffunction-sections -fdata-sections -Wall -fstack-usage -fcyclomatic-complexity -MMD -MP -MF"Core/Src/main.d" -MT"Core/Src/main.o" --specs=nano.specs -mfpu=fpv4-sp-d16 -mfloat-abi=hard -mthumb -o "Core/Src/main.o"
arm-none-eabi-gcc -o "Learning_2.elf" @"objects.list"   -mcpu=cortex-m4 -T"C:\SPN32 Projects\Learning_2\STM32F446RETX_FLASH.ld" --specs=nosys.specs -Wl,-Map="Learning_2.map" -Wl,--gc-sections -static --specs=nano.specs -mfpu=fpv4-sp-d16 -mfloat-abi=hard -mthumb -Wl,--start-group -lc -lm -Wl,--end-group
Finished building target: Learning_2.elf
 
arm-none-eabi-size  Learning_2.elf 
arm-none-eabi-objdump -h -S Learning_2.elf  > "Learning_2.list"
   text	   data	    bss	    dec	    hex	filename
  14684	    104	   2056	  16844	   41cc	Learning_2.elf
Finished building: default.size.stdout
 
Finished building: Learning_2.list
 
00:59:53 **** Incremental Build of configuration Debug for project Learning_2 ****
make -j16 all 
arm-none-eabi-size  Learning_2.elf 
   text	   data	    bss	    dec	    hex	filename
  14684	    104	   2056	  16844	   41cc	Learning_2.elf
Finished building: default.size.stdout
 
